Welcome to OurScheme!

>
Thanks for using OurScheme!